\BOOKMARK [1][-]{section.1}{\376\377\000I\000n\000t\000r\000o\000d\000u\000c\000t\000i\000o\000n}{}% 1
\BOOKMARK [1][-]{section.2}{\376\377\000N\000o\000\040\000p\000e\000n\000t\000o\000m\000i\000n\000o\000e\000s}{}% 2
\BOOKMARK [1][-]{section.3}{\376\377\000O\000n\000e\000\040\000p\000e\000n\000t\000o\000m\000i\000n\000o}{}% 3
\BOOKMARK [2][-]{subsection.3.1}{\376\377\000S\000t\000a\000i\000r\000c\000a\000s\000e\000s}{section.3}% 4
\BOOKMARK [2][-]{subsection.3.2}{\376\377\0002\000\040\000\327\000\040\000n\000\040\000g\000r\000i\000d\000s}{section.3}% 5
\BOOKMARK [2][-]{subsection.3.3}{\376\377\000B\000r\000i\000m\000m\000i\000n\000g\000\040\000g\000r\000i\000d\000s}{section.3}% 6
\BOOKMARK [2][-]{subsection.3.4}{\376\377\000A\000l\000m\000o\000s\000t\000\040\000b\000r\000i\000m\000m\000i\000n\000g\000\040\000g\000r\000i\000d\000s}{section.3}% 7
\BOOKMARK [3][-]{subsubsection.3.4.1}{\376\377\000\043\0003\000,\0007\000\040\000=\000\040\0001\0004}{subsection.3.4}% 8
\BOOKMARK [3][-]{subsubsection.3.4.2}{\376\377\000\043\0003\000,\0008\000\040\000=\000\040\0001\0005}{subsection.3.4}% 9
\BOOKMARK [3][-]{subsubsection.3.4.3}{\376\377\000\043\0004\000,\0005\000\040\000=\000\040\0001\0003}{subsection.3.4}% 10
\BOOKMARK [3][-]{subsubsection.3.4.4}{\376\377\000\043\0004\000,\0006\000\040\000=\000\040\0001\0004}{subsection.3.4}% 11
\BOOKMARK [2][-]{subsection.3.5}{\376\377\000I\000n\000e\000f\000f\000i\000c\000i\000e\000n\000t\000\040\000r\000e\000s\000u\000l\000t\000s}{section.3}% 12
\BOOKMARK [1][-]{section.4}{\376\377\000T\000w\000o\000\040\000p\000e\000n\000t\000o\000m\000i\000n\000o\000e\000s}{}% 13
\BOOKMARK [2][-]{subsection.4.1}{\376\377\000I\000n\000i\000t\000i\000a\000l\000\040\000b\000r\000i\000m\000m\000i\000n\000g\000\040\000g\000r\000i\000d\000s}{section.4}% 14
\BOOKMARK [3][-]{subsubsection.4.1.1}{\376\377\0003\000\040\0009\000\040\000g\000r\000i\000d}{subsection.4.1}% 15
\BOOKMARK [3][-]{subsubsection.4.1.2}{\376\377\000\043\0003\000,\0009\000\040\000=\000\040\0001\0007}{subsection.4.1}% 16
\BOOKMARK [3][-]{subsubsection.4.1.3}{\376\377\0004\000\040\0006\000\040\000g\000r\000i\000d}{subsection.4.1}% 17
\BOOKMARK [1][-]{section.5}{\376\377\000U\000n\000c\000a\000t\000e\000g\000o\000r\000i\000z\000e\000d}{}% 18
\BOOKMARK [2][-]{subsection.5.1}{\376\377\000B\000o\000u\000n\000d\000e\000d\000\040\000a\000i\000d}{section.5}% 19
\BOOKMARK [2][-]{subsection.5.2}{\376\377\000U\000N\000U\000S\000E\000D}{section.5}% 20
\BOOKMARK [2][-]{subsection.5.3}{\376\377\000A\000l\000m\000o\000s\000t}{section.5}% 21
\BOOKMARK [1][-]{appendix.A}{\376\377\000A\000d\000d\000i\000t\000i\000o\000n\000a\000l\000\040\000c\000o\000l\000o\000r\000s}{}% 22
\BOOKMARK [1][-]{appendix.B}{\376\377\000T\000e\000c\000h\000n\000i\000c\000a\000l\000i\000t\000i\000e\000s\000\040\000n\000o\000t\000\040\000p\000r\000o\000v\000e\000n}{}% 23
\BOOKMARK [1][-]{appendix.C}{\376\377\000S\000t\000y\000l\000e\000\040\000g\000u\000i\000d\000e}{}% 24
